
Memory Configuration

Name             Origin             Length             Attributes
flash            0x08000000         0x00010000         xr
ram              0x20000000         0x00005000         xrw
*default*        0x00000000         0xffffffff

Linker script and memory map

LOAD build/main.o
LOAD build/stm32f103c8_startup.o
                0x08000000                _sflash = 0x8000000
                0x00010000                _lflash = 0x10000
                0x20000000                _sram = 0x20000000
                0x00005000                _lram = 0x5000
                0x20005000                _estack = (_sram + _lram)

.text           0x08000000      0x140
 *(.vector_tab)
 .vector_tab    0x08000000       0x40 build/stm32f103c8_startup.o
                0x08000000                vector_table
 *(.text)
 .text          0x08000040       0x74 build/main.o
                0x08000040                gpiox_clock_enable
                0x0800006a                led_on
                0x080000a0                main
 .text          0x080000b4       0x8c build/stm32f103c8_startup.o
                0x080000b4                NMI_handler
                0x080000b4                default_handler
                0x080000b4                SVCall_handler
                0x080000b4                SysTick_handler
                0x080000b4                MemManage_handler
                0x080000b4                HardFault_handler
                0x080000b4                Debug_Monitor_handler
                0x080000b4                PendSV_handler
                0x080000b4                UsageFault_handler
                0x080000b4                BusFault_handler
                0x080000ba                Reset_handler
 *(.rodata)
                0x08000140                . = ALIGN (0x4)
                0x08000140                _etext = .

.glue_7         0x08000140        0x0
 .glue_7        0x08000140        0x0 linker stubs

.glue_7t        0x08000140        0x0
 .glue_7t       0x08000140        0x0 linker stubs

.vfp11_veneer   0x08000140        0x0
 .vfp11_veneer  0x08000140        0x0 linker stubs

.v4_bx          0x08000140        0x0
 .v4_bx         0x08000140        0x0 linker stubs

.iplt           0x08000140        0x0
 .iplt          0x08000140        0x0 build/main.o

.rel.dyn        0x08000140        0x0
 .rel.iplt      0x08000140        0x0 build/main.o

.data           0x20000000        0x0 load address 0x08000140
                0x20000000                _sdata = .
 *(.data)
 .data          0x20000000        0x0 build/main.o
 .data          0x20000000        0x0 build/stm32f103c8_startup.o
                0x20000000                . = ALIGN (0x4)
                0x20000000                _edata = .

.igot.plt       0x20000000        0x0 load address 0x08000140
 .igot.plt      0x20000000        0x0 build/main.o

.bss            0x20000000        0x0 load address 0x08000140
                0x20000000                _sbss = .
 *(.bss)
 .bss           0x20000000        0x0 build/main.o
 .bss           0x20000000        0x0 build/stm32f103c8_startup.o
 *(COMMON)
                0x20000000                . = ALIGN (0x4)
                0x20000000                _ebss = .
OUTPUT(build/main.elf elf32-littlearm)
LOAD linker stubs

.debug_info     0x00000000      0x2a2
 .debug_info    0x00000000      0x110 build/main.o
 .debug_info    0x00000110      0x192 build/stm32f103c8_startup.o

.debug_abbrev   0x00000000      0x1b4
 .debug_abbrev  0x00000000       0xc2 build/main.o
 .debug_abbrev  0x000000c2       0xf2 build/stm32f103c8_startup.o

.debug_aranges  0x00000000       0x40
 .debug_aranges
                0x00000000       0x20 build/main.o
 .debug_aranges
                0x00000020       0x20 build/stm32f103c8_startup.o

.debug_line     0x00000000      0x2d3
 .debug_line    0x00000000      0x13b build/main.o
 .debug_line    0x0000013b      0x198 build/stm32f103c8_startup.o

.debug_str      0x00000000      0x1c3
 .debug_str     0x00000000      0x146 build/main.o
                                0x183 (size before relaxing)
 .debug_str     0x00000146       0x7d build/stm32f103c8_startup.o
                                0x1aa (size before relaxing)

.comment        0x00000000       0x4c
 .comment       0x00000000       0x4c build/main.o
                                 0x4d (size before relaxing)
 .comment       0x0000004c       0x4d build/stm32f103c8_startup.o

.ARM.attributes
                0x00000000       0x2d
 .ARM.attributes
                0x00000000       0x2d build/main.o
 .ARM.attributes
                0x0000002d       0x2d build/stm32f103c8_startup.o

.debug_frame    0x00000000       0xc8
 .debug_frame   0x00000000       0x7c build/main.o
 .debug_frame   0x0000007c       0x4c build/stm32f103c8_startup.o
